[backblue.gif]
[fade.gif]
[index.html]
[oneopen7.com/cards/uploads/2021-10-17-12-26-31474bg.jpg]
[oneopen7.com/cards/uploads/2021-10-08-14-56-017293.png]
[upload.wikimedia.org/wikipedia/commons/thumb/d/d7/Breezeicons-actions-22-upload-media.svg/800px-Breezeicons-actions-22-upload-media.svg.png]
[ajax.googleapis.com/ajax/libs/jquery/2.1.1/jquery.min.js]
[oneopen7.com/cards/sords8517.html]
[oneopen7.com/cards/css/DINNextLTArabic-Regulard912.woff2]
[oneopen7.com/cards/css/DINNextLTArabic-Regularf9ec.woff]
[oneopen7.com/cards/css/DINNextLTArabic-Regulardc21.ttf]
[oneopen7.com/cards/css/default.css]
[oneopen7.com/cards/css/themes3860.css]
[oneopen7.com/cards/css/slick-theme.css]
[oneopen7.com/cards/css/main.css]
[oneopen7.com/cards/css/main2.css]
[oneopen7.com/cards/css/icon-instagram.svg]
[oneopen7.com/cards/css/icon-twitter.svg]
[oneopen7.com/cards/css/icon-facebook.svg]
[oneopen7.com/cards/css/DINNextLTW23-Mediumd25c.html]
[oneopen7.com/cards/css/DINNextLTW23-Mediume58c.html]
[oneopen7.com/cards/css/DINNextLTW23-Medium8226.html]
[oneopen7.com/cards/css/DINNextLTArabic-Bolda9a6.html]
[oneopen7.com/cards/css/DINNextLTArabic-Bold3ede.html]
[oneopen7.com/cards/css/DINNextLTArabic-Bold0af3.html]
[oneopen7.com/cards/fonts/glyphicons-halflings-regular.html]
[oneopen7.com/cards/fonts/glyphicons-halflings-regulard41d.html]
[oneopen7.com/cards/fonts/glyphicons-halflings-regular-2.html]
[oneopen7.com/cards/fonts/glyphicons-halflings-regular-3.html]
[oneopen7.com/cards/fonts/glyphicons-halflings-regular-4.html]
[oneopen7.com/cards/fonts/glyphicons-halflings-regular-5.html]
[oneopen7.com/cards/images/login_cover.html]
[oneopen7.com/cards/css/owl.video.play.html]
[oneopen7.com/cards/css/ajax-loader.html]
[oneopen7.com/cards/css/fonts/slick.html]
[oneopen7.com/cards/css/fonts/slickd41d.html]
[oneopen7.com/cards/css/fonts/slick-2.html]
[oneopen7.com/cards/css/fonts/slick-3.html]
[oneopen7.com/cards/css/fonts/slick-4.html]
[oneopen7.com/cards/images/dropdown-arrow.html]
[oneopen7.com/cards/images/quote.html]
[oneopen7.com/cards/images/hot.html]
[oneopen7.com/default/assets/images/avatar_male.html]
